
Allocating common symbols
Common symbol       size              file

pDst                0x4               obj/usb.o
USBDeferINDataStagePackets
                    0x4               obj/usb.o
BDT                 0x40              obj/usb.o
CtrlTrfData         0x40              obj/usb.o
hid_report_out      0x40              obj/usb.o
USBDeferOUTDataStagePackets
                    0x4               obj/usb.o
USBDeviceState      0x4               obj/main.o
controlTransferState
                    0x1               obj/usb.o
endpoint_number     0x1               obj/usb.o
pBDTEntryIn         0x8               obj/usb.o
hid_report_in       0x40              obj/usb.o
ep_data_out         0x8               obj/usb.o
USBStatusStageEnabledFlag1
                    0x4               obj/usb.o
outPipe             0xb               obj/usb.o
USBStatusStageEnabledFlag2
                    0x4               obj/usb.o
pBDTEntryOut        0x8               obj/usb.o
BothEP0OutUOWNsSet  0x4               obj/usb.o
pBDTEntryEP0OutNext
                    0x4               obj/usb.o
USBStatusStageTimeoutCounter
                    0x1               obj/usb.o
SetupPkt            0x8               obj/usb.o
ep_data_in          0x8               obj/usb.o
active_protocol     0x1               obj/usb.o
shortPacketStatus   0x1               obj/usb.o
pBDTEntryEP0OutCurrent
                    0x4               obj/usb.o
USBActiveConfiguration
                    0x1               obj/usb.o
RemoteWakeup        0x4               obj/usb.o
inPipe              0x10              obj/usb.o
USTATcopy           0x4               obj/usb.o
USBAlternateInterface
                    0x1               obj/usb.o
USBDeferStatusStagePacket
                    0x4               obj/usb.o
idle_rate           0x1               obj/usb.o

Discarded input sections

 .text          0x0000000000000000        0x0 obj/core.o
 .data          0x0000000000000000        0x0 obj/core.o
 .bss           0x0000000000000000        0x0 obj/core.o
 .pdr           0x0000000000000000       0xa0 obj/core.o
 .text.ResetCoreTimer
                0x0000000000000000        0xc obj/core.o
 .text          0x0000000000000000        0x0 obj/usb.o
 .data          0x0000000000000000        0x0 obj/usb.o
 .bss           0x0000000000000000        0x0 obj/usb.o
 .reginfo       0x0000000000000000       0x18 obj/usb.o
 .pdr           0x0000000000000000      0x140 obj/usb.o
 .text          0x0000000000000000        0x0 obj/flash.o
 .data          0x0000000000000000        0x0 obj/flash.o
 .bss           0x0000000000000000        0x0 obj/flash.o
 .reginfo       0x0000000000000000       0x18 obj/flash.o
 .pdr           0x0000000000000000       0x20 obj/flash.o
 .text          0x0000000000000000        0x0 obj/main.o
 .data          0x0000000000000000        0x0 obj/main.o
 .bss           0x0000000000000000        0x0 obj/main.o
 .reginfo       0x0000000000000000       0x18 obj/main.o
 .pdr           0x0000000000000000       0x60 obj/main.o
 .text          0x0000000000000000        0x0 obj/delay.o
 .data          0x0000000000000000        0x0 obj/delay.o
 .bss           0x0000000000000000        0x0 obj/delay.o
 .reginfo       0x0000000000000000       0x18 obj/delay.o
 .pdr           0x0000000000000000       0x40 obj/delay.o
 .text.Delayms  0x0000000000000000       0x34 obj/delay.o
 .data          0x0000000000000000        0x0 /tmp/ccNHuFAN.o
 .bss           0x0000000000000000        0x0 /tmp/ccNHuFAN.o
 .reginfo       0x0000000000000000       0x18 /tmp/ccNHuFAN.o
 .pdr           0x0000000000000000       0x60 /tmp/ccNHuFAN.o
 .text          0x0000000000000000        0x0 /dvpt/pinguino/git-local/pinguino-bootloaders/p32/usb/v1.x/obj/non-free/processor.o
 .data          0x0000000000000000        0x0 /dvpt/pinguino/git-local/pinguino-bootloaders/p32/usb/v1.x/obj/non-free/processor.o
 .bss           0x0000000000000000        0x0 /dvpt/pinguino/git-local/pinguino-bootloaders/p32/usb/v1.x/obj/non-free/processor.o
 .reginfo       0x0000000000000000       0x18 /dvpt/pinguino/git-local/pinguino-bootloaders/p32/usb/v1.x/obj/non-free/processor.o
 .text          0x0000000000000000        0x0 /dvpt/pinguino/git-local/pinguino-bootloaders/p32/usb/v1.x/obj/non-free/processor.o
 .data          0x0000000000000000        0x0 /dvpt/pinguino/git-local/pinguino-bootloaders/p32/usb/v1.x/obj/non-free/processor.o
 .bss           0x0000000000000000        0x0 /dvpt/pinguino/git-local/pinguino-bootloaders/p32/usb/v1.x/obj/non-free/processor.o
 .reginfo       0x0000000000000000       0x18 /dvpt/pinguino/git-local/pinguino-bootloaders/p32/usb/v1.x/obj/non-free/processor.o

Memory Configuration

Name             Origin             Length             Attributes
kseg0_program_mem 0x000000009d000000 0x0000000000003000 xr
exception_mem    0x000000009d003000 0x0000000000000a00
kseg1_boot_mem   0x00000000bfc00000 0x0000000000000010
kseg0_boot_mem   0x000000009fc00010 0x0000000000000200
boot_software_key 0x00000000a0000000 0x0000000000000004
kseg1_data_mem   0x00000000a0000004 0x0000000000007ffc w !x
devcfg3          0x00000000bfc00bf0 0x0000000000000004
devcfg2          0x00000000bfc00bf4 0x0000000000000004
devcfg1          0x00000000bfc00bf8 0x0000000000000004
devcfg0          0x00000000bfc00bfc 0x0000000000000004
devcfg           0x00000000bfc00bf0 0x0000000000000010
sfrs             0x00000000bf800000 0x0000000000100000
*default*        0x0000000000000000 0xffffffffffffffff

Linker script and memory map

LOAD /dvpt/pinguino/git-copy/pinguino-compilers/linux64/p32/lib/gcc/mips-elf/4.9.2/../../../../mips-elf/lib/soft-float/el/libc.a
LOAD obj/core.o
LOAD obj/usb.o
LOAD obj/flash.o
LOAD obj/main.o
LOAD obj/delay.o
LOAD /tmp/ccNHuFAN.o
LOAD /dvpt/pinguino/git-local/pinguino-bootloaders/p32/usb/v1.x/obj/non-free/processor.o
LOAD /dvpt/pinguino/git-copy/pinguino-compilers/linux64/p32/lib/gcc/mips-elf/4.9.2/../../../../mips-elf/lib/soft-float/el/libc.a
LOAD /dvpt/pinguino/git-local/pinguino-bootloaders/p32/usb/v1.x/obj/non-free/processor.o
                0x0000000000000400                PROVIDE (_min_stack_size, 0x400)
                0x0000000000000000                PROVIDE (_min_heap_size, 0x0)
                0x0000000000000001                PROVIDE (_vector_spacing, 0x1)
                0x000000009d003000                _ebase_address = 0x9d003000
                0x00000000bfc00000                _RESET_ADDR = 0xbfc00000
                0x0000000000000400                PROVIDE (_min_stack_size, 0x400)
                0x0000000000000000                PROVIDE (_min_heap_size, 0x0)
                0x0000000000000001                PROVIDE (_vector_spacing, 0x1)

.reset          0x00000000bfc00000       0x10
 *(.reset)
 .reset         0x00000000bfc00000       0x10 /tmp/ccNHuFAN.o
                0x00000000bfc00000                _reset

.startup        0x000000009fc00010      0x1b0
 *(.startup)
 .startup       0x000000009fc00010      0x1b0 /tmp/ccNHuFAN.o

.devcfg
 *(.devcfg)

.devcfg3        0x00000000bfc00bf0        0x4
 *(.devcfg3)
 .devcfg3       0x00000000bfc00bf0        0x4 obj/main.o
                0x00000000bfc00bf0                devcfg3

.devcfg2        0x00000000bfc00bf4        0x4
 *(.devcfg2)
 .devcfg2       0x00000000bfc00bf4        0x4 obj/main.o
                0x00000000bfc00bf4                devcfg2

.devcfg1        0x00000000bfc00bf8        0x4
 *(.devcfg1)
 .devcfg1       0x00000000bfc00bf8        0x4 obj/main.o
                0x00000000bfc00bf8                devcfg1

.devcfg0        0x00000000bfc00bfc        0x4
 *(.devcfg0)
 .devcfg0       0x00000000bfc00bfc        0x4 obj/main.o
                0x00000000bfc00bfc                devcfg0

.vector_0       0x000000009d003200        0x0
 *(.vector_0)
                0x0000000000000001                ASSERT (((_vector_spacing == 0x0) || (SIZEOF (.vector_0) <= (_vector_spacing << 0x5))), function at exception vector 0 too large)

.vector_1       0x000000009d003220        0x0
 *(.vector_1)
                0x0000000000000001                ASSERT (((_vector_spacing == 0x0) || (SIZEOF (.vector_1) <= (_vector_spacing << 0x5))), function at exception vector 1 too large)

.vector_2       0x000000009d003240        0x0
 *(.vector_2)
                0x0000000000000001                ASSERT (((_vector_spacing == 0x0) || (SIZEOF (.vector_2) <= (_vector_spacing << 0x5))), function at exception vector 2 too large)

.vector_3       0x000000009d003260        0x0
 *(.vector_3)
                0x0000000000000001                ASSERT (((_vector_spacing == 0x0) || (SIZEOF (.vector_3) <= (_vector_spacing << 0x5))), function at exception vector 3 too large)

.vector_4       0x000000009d003280        0x0
 *(.vector_4)
                0x0000000000000001                ASSERT (((_vector_spacing == 0x0) || (SIZEOF (.vector_4) <= (_vector_spacing << 0x5))), function at exception vector 4 too large)

.vector_5       0x000000009d0032a0        0x0
 *(.vector_5)
                0x0000000000000001                ASSERT (((_vector_spacing == 0x0) || (SIZEOF (.vector_5) <= (_vector_spacing << 0x5))), function at exception vector 5 too large)

.vector_6       0x000000009d0032c0        0x0
 *(.vector_6)
                0x0000000000000001                ASSERT (((_vector_spacing == 0x0) || (SIZEOF (.vector_6) <= (_vector_spacing << 0x5))), function at exception vector 6 too large)

.vector_7       0x000000009d0032e0        0x0
 *(.vector_7)
                0x0000000000000001                ASSERT (((_vector_spacing == 0x0) || (SIZEOF (.vector_7) <= (_vector_spacing << 0x5))), function at exception vector 7 too large)

.vector_8       0x000000009d003300        0x0
 *(.vector_8)
                0x0000000000000001                ASSERT (((_vector_spacing == 0x0) || (SIZEOF (.vector_8) <= (_vector_spacing << 0x5))), function at exception vector 8 too large)

.vector_9       0x000000009d003320        0x0
 *(.vector_9)
                0x0000000000000001                ASSERT (((_vector_spacing == 0x0) || (SIZEOF (.vector_9) <= (_vector_spacing << 0x5))), function at exception vector 9 too large)

.vector_10      0x000000009d003340        0x0
 *(.vector_10)
                0x0000000000000001                ASSERT (((_vector_spacing == 0x0) || (SIZEOF (.vector_10) <= (_vector_spacing << 0x5))), function at exception vector 10 too large)

.vector_11      0x000000009d003360        0x0
 *(.vector_11)
                0x0000000000000001                ASSERT (((_vector_spacing == 0x0) || (SIZEOF (.vector_11) <= (_vector_spacing << 0x5))), function at exception vector 11 too large)

.vector_12      0x000000009d003380        0x0
 *(.vector_12)
                0x0000000000000001                ASSERT (((_vector_spacing == 0x0) || (SIZEOF (.vector_12) <= (_vector_spacing << 0x5))), function at exception vector 12 too large)

.vector_13      0x000000009d0033a0        0x0
 *(.vector_13)
                0x0000000000000001                ASSERT (((_vector_spacing == 0x0) || (SIZEOF (.vector_13) <= (_vector_spacing << 0x5))), function at exception vector 13 too large)

.vector_14      0x000000009d0033c0        0x0
 *(.vector_14)
                0x0000000000000001                ASSERT (((_vector_spacing == 0x0) || (SIZEOF (.vector_14) <= (_vector_spacing << 0x5))), function at exception vector 14 too large)

.vector_15      0x000000009d0033e0        0x0
 *(.vector_15)
                0x0000000000000001                ASSERT (((_vector_spacing == 0x0) || (SIZEOF (.vector_15) <= (_vector_spacing << 0x5))), function at exception vector 15 too large)

.vector_16      0x000000009d003400        0x0
 *(.vector_16)
                0x0000000000000001                ASSERT (((_vector_spacing == 0x0) || (SIZEOF (.vector_16) <= (_vector_spacing << 0x5))), function at exception vector 16 too large)

.vector_17      0x000000009d003420        0x0
 *(.vector_17)
                0x0000000000000001                ASSERT (((_vector_spacing == 0x0) || (SIZEOF (.vector_17) <= (_vector_spacing << 0x5))), function at exception vector 17 too large)

.vector_18      0x000000009d003440        0x0
 *(.vector_18)
                0x0000000000000001                ASSERT (((_vector_spacing == 0x0) || (SIZEOF (.vector_18) <= (_vector_spacing << 0x5))), function at exception vector 18 too large)

.vector_19      0x000000009d003460        0x0
 *(.vector_19)
                0x0000000000000001                ASSERT (((_vector_spacing == 0x0) || (SIZEOF (.vector_19) <= (_vector_spacing << 0x5))), function at exception vector 19 too large)

.vector_20      0x000000009d003480        0x0
 *(.vector_20)
                0x0000000000000001                ASSERT (((_vector_spacing == 0x0) || (SIZEOF (.vector_20) <= (_vector_spacing << 0x5))), function at exception vector 20 too large)

.vector_21      0x000000009d0034a0        0x0
 *(.vector_21)
                0x0000000000000001                ASSERT (((_vector_spacing == 0x0) || (SIZEOF (.vector_21) <= (_vector_spacing << 0x5))), function at exception vector 21 too large)

.vector_22      0x000000009d0034c0        0x0
 *(.vector_22)
                0x0000000000000001                ASSERT (((_vector_spacing == 0x0) || (SIZEOF (.vector_22) <= (_vector_spacing << 0x5))), function at exception vector 22 too large)

.vector_23      0x000000009d0034e0        0x0
 *(.vector_23)
                0x0000000000000001                ASSERT (((_vector_spacing == 0x0) || (SIZEOF (.vector_23) <= (_vector_spacing << 0x5))), function at exception vector 23 too large)

.vector_24      0x000000009d003500        0x0
 *(.vector_24)
                0x0000000000000001                ASSERT (((_vector_spacing == 0x0) || (SIZEOF (.vector_24) <= (_vector_spacing << 0x5))), function at exception vector 24 too large)

.vector_25      0x000000009d003520        0x0
 *(.vector_25)
                0x0000000000000001                ASSERT (((_vector_spacing == 0x0) || (SIZEOF (.vector_25) <= (_vector_spacing << 0x5))), function at exception vector 25 too large)

.vector_26      0x000000009d003540        0x0
 *(.vector_26)
                0x0000000000000001                ASSERT (((_vector_spacing == 0x0) || (SIZEOF (.vector_26) <= (_vector_spacing << 0x5))), function at exception vector 26 too large)

.vector_27      0x000000009d003560        0x0
 *(.vector_27)
                0x0000000000000001                ASSERT (((_vector_spacing == 0x0) || (SIZEOF (.vector_27) <= (_vector_spacing << 0x5))), function at exception vector 27 too large)

.vector_28      0x000000009d003580        0x0
 *(.vector_28)
                0x0000000000000001                ASSERT (((_vector_spacing == 0x0) || (SIZEOF (.vector_28) <= (_vector_spacing << 0x5))), function at exception vector 28 too large)

.vector_29      0x000000009d0035a0        0x0
 *(.vector_29)
                0x0000000000000001                ASSERT (((_vector_spacing == 0x0) || (SIZEOF (.vector_29) <= (_vector_spacing << 0x5))), function at exception vector 29 too large)

.vector_30      0x000000009d0035c0        0x0
 *(.vector_30)
                0x0000000000000001                ASSERT (((_vector_spacing == 0x0) || (SIZEOF (.vector_30) <= (_vector_spacing << 0x5))), function at exception vector 30 too large)

.vector_31      0x000000009d0035e0        0x0
 *(.vector_31)
                0x0000000000000001                ASSERT (((_vector_spacing == 0x0) || (SIZEOF (.vector_31) <= (_vector_spacing << 0x5))), function at exception vector 31 too large)

.vector_32      0x000000009d003600        0x0
 *(.vector_32)
                0x0000000000000001                ASSERT (((_vector_spacing == 0x0) || (SIZEOF (.vector_32) <= (_vector_spacing << 0x5))), function at exception vector 32 too large)

.vector_33      0x000000009d003620        0x0
 *(.vector_33)
                0x0000000000000001                ASSERT (((_vector_spacing == 0x0) || (SIZEOF (.vector_33) <= (_vector_spacing << 0x5))), function at exception vector 33 too large)

.vector_34      0x000000009d003640        0x0
 *(.vector_34)
                0x0000000000000001                ASSERT (((_vector_spacing == 0x0) || (SIZEOF (.vector_34) <= (_vector_spacing << 0x5))), function at exception vector 34 too large)

.vector_35      0x000000009d003660        0x0
 *(.vector_35)
                0x0000000000000001                ASSERT (((_vector_spacing == 0x0) || (SIZEOF (.vector_35) <= (_vector_spacing << 0x5))), function at exception vector 35 too large)

.vector_36      0x000000009d003680        0x0
 *(.vector_36)
                0x0000000000000001                ASSERT (((_vector_spacing == 0x0) || (SIZEOF (.vector_36) <= (_vector_spacing << 0x5))), function at exception vector 36 too large)

.vector_37      0x000000009d0036a0        0x0
 *(.vector_37)
                0x0000000000000001                ASSERT (((_vector_spacing == 0x0) || (SIZEOF (.vector_37) <= (_vector_spacing << 0x5))), function at exception vector 37 too large)

.vector_38      0x000000009d0036c0        0x0
 *(.vector_38)
                0x0000000000000001                ASSERT (((_vector_spacing == 0x0) || (SIZEOF (.vector_38) <= (_vector_spacing << 0x5))), function at exception vector 38 too large)

.vector_39      0x000000009d0036e0        0x0
 *(.vector_39)
                0x0000000000000001                ASSERT (((_vector_spacing == 0x0) || (SIZEOF (.vector_39) <= (_vector_spacing << 0x5))), function at exception vector 39 too large)

.vector_40      0x000000009d003700        0x0
 *(.vector_40)
                0x0000000000000001                ASSERT (((_vector_spacing == 0x0) || (SIZEOF (.vector_40) <= (_vector_spacing << 0x5))), function at exception vector 40 too large)

.vector_41      0x000000009d003720        0x0
 *(.vector_41)
                0x0000000000000001                ASSERT (((_vector_spacing == 0x0) || (SIZEOF (.vector_41) <= (_vector_spacing << 0x5))), function at exception vector 41 too large)

.vector_42      0x000000009d003740        0x0
 *(.vector_42)
                0x0000000000000001                ASSERT (((_vector_spacing == 0x0) || (SIZEOF (.vector_42) <= (_vector_spacing << 0x5))), function at exception vector 42 too large)

.vector_43      0x000000009d003760        0x0
 *(.vector_43)
                0x0000000000000001                ASSERT (((_vector_spacing == 0x0) || (SIZEOF (.vector_43) <= (_vector_spacing << 0x5))), function at exception vector 43 too large)

.vector_44      0x000000009d003780        0x0
 *(.vector_44)
                0x0000000000000001                ASSERT (((_vector_spacing == 0x0) || (SIZEOF (.vector_44) <= (_vector_spacing << 0x5))), function at exception vector 44 too large)

.vector_45      0x000000009d0037a0        0x0
 *(.vector_45)
                0x0000000000000001                ASSERT (((_vector_spacing == 0x0) || (SIZEOF (.vector_45) <= (_vector_spacing << 0x5))), function at exception vector 45 too large)

.vector_46      0x000000009d0037c0        0x0
 *(.vector_46)
                0x0000000000000001                ASSERT (((_vector_spacing == 0x0) || (SIZEOF (.vector_46) <= (_vector_spacing << 0x5))), function at exception vector 46 too large)

.vector_47      0x000000009d0037e0        0x0
 *(.vector_47)
                0x0000000000000001                ASSERT (((_vector_spacing == 0x0) || (SIZEOF (.vector_47) <= (_vector_spacing << 0x5))), function at exception vector 47 too large)

.vector_48      0x000000009d003800        0x0
 *(.vector_48)
                0x0000000000000001                ASSERT (((_vector_spacing == 0x0) || (SIZEOF (.vector_48) <= (_vector_spacing << 0x5))), function at exception vector 48 too large)

.vector_49      0x000000009d003820        0x0
 *(.vector_49)
                0x0000000000000001                ASSERT (((_vector_spacing == 0x0) || (SIZEOF (.vector_49) <= (_vector_spacing << 0x5))), function at exception vector 49 too large)

.vector_50      0x000000009d003840        0x0
 *(.vector_50)
                0x0000000000000001                ASSERT (((_vector_spacing == 0x0) || (SIZEOF (.vector_50) <= (_vector_spacing << 0x5))), function at exception vector 50 too large)

.vector_51      0x000000009d003860        0x0
 *(.vector_51)
                0x0000000000000001                ASSERT (((_vector_spacing == 0x0) || (SIZEOF (.vector_51) <= (_vector_spacing << 0x5))), function at exception vector 51 too large)

.vector_52      0x000000009d003880        0x0
 *(.vector_52)
                0x0000000000000001                ASSERT (((_vector_spacing == 0x0) || (SIZEOF (.vector_52) <= (_vector_spacing << 0x5))), function at exception vector 52 too large)

.vector_53      0x000000009d0038a0        0x0
 *(.vector_53)
                0x0000000000000001                ASSERT (((_vector_spacing == 0x0) || (SIZEOF (.vector_53) <= (_vector_spacing << 0x5))), function at exception vector 53 too large)

.vector_54      0x000000009d0038c0        0x0
 *(.vector_54)
                0x0000000000000001                ASSERT (((_vector_spacing == 0x0) || (SIZEOF (.vector_54) <= (_vector_spacing << 0x5))), function at exception vector 54 too large)

.vector_55      0x000000009d0038e0        0x0
 *(.vector_55)
                0x0000000000000001                ASSERT (((_vector_spacing == 0x0) || (SIZEOF (.vector_55) <= (_vector_spacing << 0x5))), function at exception vector 55 too large)

.vector_56      0x000000009d003900        0x0
 *(.vector_56)
                0x0000000000000001                ASSERT (((_vector_spacing == 0x0) || (SIZEOF (.vector_56) <= (_vector_spacing << 0x5))), function at exception vector 56 too large)

.vector_57      0x000000009d003920        0x0
 *(.vector_57)
                0x0000000000000001                ASSERT (((_vector_spacing == 0x0) || (SIZEOF (.vector_57) <= (_vector_spacing << 0x5))), function at exception vector 57 too large)

.vector_58      0x000000009d003940        0x0
 *(.vector_58)
                0x0000000000000001                ASSERT (((_vector_spacing == 0x0) || (SIZEOF (.vector_58) <= (_vector_spacing << 0x5))), function at exception vector 58 too large)

.vector_59      0x000000009d003960        0x0
 *(.vector_59)
                0x0000000000000001                ASSERT (((_vector_spacing == 0x0) || (SIZEOF (.vector_59) <= (_vector_spacing << 0x5))), function at exception vector 59 too large)

.vector_60      0x000000009d003980        0x0
 *(.vector_60)
                0x0000000000000001                ASSERT (((_vector_spacing == 0x0) || (SIZEOF (.vector_60) <= (_vector_spacing << 0x5))), function at exception vector 60 too large)

.vector_61      0x000000009d0039a0        0x0
 *(.vector_61)
                0x0000000000000001                ASSERT (((_vector_spacing == 0x0) || (SIZEOF (.vector_61) <= (_vector_spacing << 0x5))), function at exception vector 61 too large)

.vector_62      0x000000009d0039c0        0x0
 *(.vector_62)
                0x0000000000000001                ASSERT (((_vector_spacing == 0x0) || (SIZEOF (.vector_62) <= (_vector_spacing << 0x5))), function at exception vector 62 too large)

.vector_63      0x000000009d0039e0        0x0
 *(.vector_63)
                0x0000000000000001                ASSERT (((_vector_spacing == 0x0) || (SIZEOF (.vector_63) <= (_vector_spacing << 0x5))), function at exception vector 63 too large)

.text           0x000000009d000000     0x1ac4
                0x000000009d000000                _text_begin = .
 *(.text .stub .text.* .gnu.linkonce.t.*)
 .text.SoftReset
                0x000000009d000000       0x7c obj/core.o
                0x000000009d000000                SoftReset
 .text.MemClear
                0x000000009d00007c       0x24 obj/core.o
                0x000000009d00007c                MemClear
 .text.MemCopy  0x000000009d0000a0       0x30 obj/core.o
                0x000000009d0000a0                MemCopy
 .text.ReadCoreTimer
                0x000000009d0000d0        0x8 obj/core.o
                0x000000009d0000d0                ReadCoreTimer
 .text.USBCtrlTrfTxService
                0x000000009d0000d8      0x108 obj/usb.o
 .text.USBCtrlEPAllowStatusStage
                0x000000009d0001e0       0xec obj/usb.o
 .text.USBCtrlEPAllowDataStage
                0x000000009d0002cc       0xe0 obj/usb.o
 .text.USBDeviceInit
                0x000000009d0003ac      0x138 obj/usb.o
                0x000000009d0003ac                USBDeviceInit
 .text.USBCheckCable
                0x000000009d0004e4       0xb8 obj/usb.o
                0x000000009d0004e4                USBCheckCable
 .text.USBHIDCBGetReportHandler
                0x000000009d00059c       0x4c obj/usb.o
                0x000000009d00059c                USBHIDCBGetReportHandler
 .text.USBCheckHIDRequest
                0x000000009d0005e8      0x10c obj/usb.o
                0x000000009d0005e8                USBCheckHIDRequest
 .text.USBDeviceTasks
                0x000000009d0006f4      0xb84 obj/usb.o
                0x000000009d0006f4                USBDeviceTasks
 .text.USBEnableEndpoint
                0x000000009d001278       0xc8 obj/usb.o
                0x000000009d001278                USBEnableEndpoint
 .text.USBTransferOnePacket
                0x000000009d001340      0x154 obj/usb.o
                0x000000009d001340                USBTransferOnePacket
 .text.FlashOperation
                0x000000009d001494       0x84 obj/flash.o
                0x000000009d001494                FlashOperation
 .text.WriteFlashBlock
                0x000000009d001518       0x5c obj/main.o
 .text.startup.main
                0x000000009d001574      0x470 obj/main.o
                0x000000009d001574                main
 .text.USBEventHandler
                0x000000009d0019e4       0x34 obj/main.o
                0x000000009d0019e4                USBEventHandler
 .text.Delayus  0x000000009d001a18       0x9c obj/delay.o
                0x000000009d001a18                Delayus
 .text          0x000000009d001ab4       0x10 /tmp/ccNHuFAN.o
 *(.text.*personality*)
 *(.gnu.warning)
 *(.mips16.fn.*)
 *(.mips16.call.*)
                0x000000009d001ac4                _text_end = .

.rodata         0x000000009d001ac4       0xf0
 *(.rodata .rodata.* .gnu.linkonce.r.*)
 .rodata.USB_SD_Ptr
                0x000000009d001ac4       0x10 obj/usb.o
                0x000000009d001ac4                USB_SD_Ptr
 .rodata.hid_rpt01
                0x000000009d001ad4       0x20 obj/usb.o
                0x000000009d001ad4                hid_rpt01
 .rodata.sd003  0x000000009d001af4       0x18 obj/usb.o
                0x000000009d001af4                sd003
 .rodata.sd002  0x000000009d001b0c       0x38 obj/usb.o
                0x000000009d001b0c                sd002
 .rodata.sd001  0x000000009d001b44       0x14 obj/usb.o
                0x000000009d001b44                sd001
 .rodata.configDescriptor1
                0x000000009d001b58       0x2c obj/usb.o
                0x000000009d001b58                configDescriptor1
 .rodata.device_dsc
                0x000000009d001b84       0x14 obj/usb.o
                0x000000009d001b84                device_dsc
 .rodata.main   0x000000009d001b98       0x1c obj/main.o
 *(.rodata1)
                0x000000009d001bb4                . = ALIGN (0x4)

.rel.dyn        0x000000009d001bb4        0x0
 .rel.dyn       0x0000000000000000        0x0 obj/usb.o

.sdata2         0x000000009d001bb4        0x0
 *(.sdata2 .sdata2.* .gnu.linkonce.s2.*)
                0x000000009d001bb4                . = ALIGN (0x4)

.sbss2          0x000000009d001bb4        0x0
 *(.sbss2 .sbss2.* .gnu.linkonce.sb2.*)
                0x000000009d001bb4                . = ALIGN (0x4)

.eh_frame_hdr
 *(.eh_frame_hdr)

.eh_frame
 *(.eh_frame)

.dbg_data       0x00000000a0000004        0x0
                0x00000000a0000004                . = (. + DEFINED (_DEBUGGER)?0x200:0x0)

.data           0x00000000a0000004        0x0 load address 0x000000009d001bb4
                0x00000000a0000004                _data_begin = .
 *(.data .data.* .gnu.linkonce.d.*)
 *(.gnu.linkonce.d.*personality*)
 *(.data1)
                0x000000009d001bb4                _data_image_begin = LOADADDR (.data)

.eh_frame
 *(.eh_frame)
                0x00000000a0008000                _gp = (ALIGN (0x10) + 0x7ff0)

.got
 *(.got.plt)
 *(.got)

.sdata          0x00000000a0000004        0x8 load address 0x000000009d001bb4
                0x00000000a0000004                _sdata_begin = .
 *(.sdata .sdata.* .gnu.linkonce.s.*)
 .sdata.USB_CD_Ptr
                0x00000000a0000004        0x4 obj/usb.o
                0x00000000a0000004                USB_CD_Ptr
 .sdata.sd000   0x00000000a0000008        0x4 obj/usb.o
                0x00000000a0000008                sd000
                0x00000000a000000c                _sdata_end = .

.lit8
 *(.lit8)

.lit4
 *(.lit4)
                0x00000000a000000c                . = ALIGN (0x4)
                0x00000000a000000c                _data_end = .
                0x00000000a000000c                _bss_begin = .

.sbss           0x00000000a000000c       0x88 load address 0x000000009d001bbc
                0x00000000a000000c                _sbss_begin = .
 *(.dynsbss)
 *(.sbss .sbss.* .gnu.linkonce.sb.*)
 .sbss.USBCableConnected
                0x00000000a000000c        0x4 obj/usb.o
                0x00000000a000000c                USBCableConnected
 .sbss.led_count.7227
                0x00000000a0000010        0x4 obj/main.o
 .sbss.ProgrammedPointer32
                0x00000000a0000014        0x4 obj/main.o
 .sbss.BufferedDataIndex32
                0x00000000a0000018        0x1 obj/main.o
 .sbss.BootState
                0x00000000a0000019        0x1 obj/main.o
 *fill*         0x00000000a000001a        0x2 
 .sbss.USBInHandle
                0x00000000a000001c        0x4 obj/main.o
 .sbss.USBOutHandle
                0x00000000a0000020        0x4 obj/main.o
 *(.scommon)
 .scommon       0x00000000a0000024       0x69 obj/usb.o
                0x00000000a0000024                pDst
                0x00000000a0000028                USBDeferINDataStagePackets
                0x00000000a000002c                USBDeferOUTDataStagePackets
                0x00000000a0000030                controlTransferState
                0x00000000a0000031                endpoint_number
                0x00000000a0000034                pBDTEntryIn
                0x00000000a000003c                ep_data_out
                0x00000000a0000044                USBStatusStageEnabledFlag1
                0x00000000a0000048                USBStatusStageEnabledFlag2
                0x00000000a000004c                pBDTEntryOut
                0x00000000a0000054                BothEP0OutUOWNsSet
                0x00000000a0000058                pBDTEntryEP0OutNext
                0x00000000a000005c                USBStatusStageTimeoutCounter
                0x00000000a0000060                SetupPkt
                0x00000000a0000068                ep_data_in
                0x00000000a0000070                active_protocol
                0x00000000a0000071                shortPacketStatus
                0x00000000a0000074                pBDTEntryEP0OutCurrent
                0x00000000a0000078                USBActiveConfiguration
                0x00000000a000007c                RemoteWakeup
                0x00000000a0000080                USTATcopy
                0x00000000a0000084                USBAlternateInterface
                0x00000000a0000088                USBDeferStatusStagePacket
                0x00000000a000008c                idle_rate
 *fill*         0x00000000a000008d        0x3 
 .scommon       0x00000000a0000090        0x4 obj/main.o
                0x00000000a0000090                USBDeviceState
                0x00000000a0000094                _sbss_end = .

.bss            0x00000000a0000200      0x320 load address 0x000000009d001bbc
 *(.dynbss)
 *(.bss .bss.* .gnu.linkonce.b.*)
 .bss.ProgrammingBuffer32
                0x00000000a0000200       0x38 obj/main.o
 .bss.PacketFromPCBuffer
                0x00000000a0000238       0x40 obj/main.o
 .bss.PacketToPC
                0x00000000a0000278       0x40 obj/main.o
 .bss.PacketFromPC
                0x00000000a00002b8       0x40 obj/main.o
 *(COMMON)
 *fill*         0x00000000a00002f8      0x108 
 COMMON         0x00000000a0000400      0x120 obj/usb.o
                0x00000000a0000400                BDT
                0x00000000a0000440                CtrlTrfData
                0x00000000a0000480                hid_report_out
                0x00000000a00004c0                hid_report_in
                0x00000000a0000500                outPipe
                0x00000000a0000510                inPipe
                0x00000000a0000520                . = ALIGN (0x4)
                0x00000000a0000520                . = ALIGN (0x4)
                0x00000000a0000520                _end = .
                0x00000000a0000520                _bss_end = .

.heap           0x00000000a0000520        0x0
                0x00000000a0000520                _heap = .
                0x00000000a0000520                . = (. + _min_heap_size)

.stack          0x00000000a0000520      0x400
                0x00000000a0000520                _splim = .
                0x00000000a0000520                _SPLIM = .
                0x00000000a0000920                . = (. + _min_stack_size)
 *fill*         0x00000000a0000520      0x400 

.ramfunc        0x00000000a0001000        0x0 load address 0x000000009d001bbc
                0x00000000a0001000                _ramfunc_begin = .
 *(.ramfunc .ramfunc.*)
                0x00000000a0001000                . = ALIGN (0x4)
                0x00000000a0001000                _ramfunc_end = .
                0x000000009d001bbc                _ramfunc_image_begin = LOADADDR (.ramfunc)
                0x0000000000000000                _ramfunc_length = SIZEOF (.ramfunc)
                0x0000000000000ffc                _bmxdkpba_address = (_ramfunc_begin - ORIGIN (kseg1_data_mem))
                0x0000000000007ffc                _bmxdudba_address = 0x7ffc
                0x0000000000007ffc                _bmxdupba_address = 0x7ffc
                0x00000000a0008000                _stack = (_ramfunc_length > 0x0)?(_ramfunc_begin - 0x4):(ORIGIN (kseg1_data_mem) + 0x7ffc)
                0x0000000000000001                ASSERT (((_min_stack_size + _min_heap_size) <= (_stack - _heap)), Not enough space to allocate both stack and heap.  Reduce heap and/or stack size.)

.pdr
 *(.pdr)

.reginfo        0x0000000000000000       0x18
 *(.reginfo)
 .reginfo       0x0000000000000000       0x18 obj/core.o
OUTPUT(hex/Bootloader_v1.3_32MX250F128B_X8MHz.elf elf32-littlemips)

.mdebug.abi32   0x0000000000000000        0x0
 .mdebug.abi32  0x0000000000000000        0x0 obj/core.o
 .mdebug.abi32  0x0000000000000000        0x0 obj/usb.o
 .mdebug.abi32  0x0000000000000000        0x0 obj/flash.o
 .mdebug.abi32  0x0000000000000000        0x0 obj/main.o
 .mdebug.abi32  0x0000000000000000        0x0 obj/delay.o

.comment        0x0000000000000000       0x11
 .comment       0x0000000000000000       0x11 obj/core.o
                                         0x12 (size before relaxing)
 .comment       0x0000000000000000       0x12 obj/usb.o
 .comment       0x0000000000000000       0x12 obj/flash.o
 .comment       0x0000000000000000       0x12 obj/main.o
 .comment       0x0000000000000000       0x12 obj/delay.o

.gnu.attributes
                0x0000000000000000       0x10
 .gnu.attributes
                0x0000000000000000       0x10 obj/core.o
 .gnu.attributes
                0x0000000000000010       0x10 obj/usb.o
 .gnu.attributes
                0x0000000000000020       0x10 obj/flash.o
 .gnu.attributes
                0x0000000000000030       0x10 obj/main.o
 .gnu.attributes
                0x0000000000000040       0x10 obj/delay.o
